// Jest Snapshot v1, https://goo.gl/fbAQLP

exports[`MintView Component Test Renders initially 1`] = `
<div>
  <div
    class="flex justify-center"
  >
    <img
      class="max-w-xs max-h-xs border border-black m-3"
      src="image"
    />
  </div>
  <div
    class="relative px-6 py-3 flex-auto"
  >
    <form
      class="bg-white"
    >
      <input
        class="p-2.5 my-2 w-full text-sm rounded-lg border"
        id="message"
        placeholder="NFT Name"
        value=""
      />
      <textarea
        class="p-2.5 my-2 w-full text-sm rounded-lg border"
        id="message"
        placeholder="NFT Description..."
        rows="6"
      />
    </form>
  </div>
  <div
    class="flex items-center justify-end px-6 py-3 border-t border-solid border-slate-200 rounded-b"
  >
    <button
      class="bg-emerald-500 text-white active:bg-emerald-600 font-bold uppercase text-sm px-6 py-3 rounded shadow hover:shadow-lg outline-none focus:outline-none mr-1 mb-1 ease-linear transition-all duration-150"
      type="button"
    >
      Mint NFT
    </button>
  </div>
</div>
`;
